// Jest Snapshot v1, https://goo.gl/fbAQLP

exports[`<Footer /> renders correctly 1`] = `
<footer>
  <p>
    Created by Travis Skyles
  </p>
</footer>
`;
